// Jest Snapshot v1, https://goo.gl/fbAQLP

exports[`should match snapshot 1`] = `
<View
  accessible={true}
  borderless={false}
  focusable={true}
  hitSlop={
    Object {
      "bottom": 10,
      "left": 10,
      "right": 10,
      "top": 10,
    }
  }
  onClick={[Function]}
  onLayout={[Function]}
  onResponderGrant={[Function]}
  onResponderMove={[Function]}
  onResponderRelease={[Function]}
  onResponderTerminate={[Function]}
  onResponderTerminationRequest={[Function]}
  onStartShouldSetResponder={[Function]}
  pointerEvents="box-only"
  pressColor="rgba(0, 0, 0, .32)"
  style={Object {}}
  testID="testButton"
>
  <Text
    allowFontScaling={false}
    style={
      Array [
        undefined,
        Array [
          undefined,
          undefined,
        ],
      ]
    }
  />
  <View
    style={
      Array [
        Object {
          "backgroundColor": "transparent",
          "bottom": 0,
          "left": 0,
          "overflow": "hidden",
          "position": "absolute",
          "right": 0,
          "top": 0,
        },
        Object {
          "borderRadius": 0,
        },
      ]
    }
  />
</View>
`;
