// Jest Snapshot v1, https://goo.gl/fbAQLP

exports[`should match snapshot 1`] = `
<View
  accessible={true}
  focusable={true}
  onBlur={[Function]}
  onClick={[Function]}
  onFocus={[Function]}
  onResponderGrant={[Function]}
  onResponderMove={[Function]}
  onResponderRelease={[Function]}
  onResponderTerminate={[Function]}
  onResponderTerminationRequest={[Function]}
  onStartShouldSetResponder={[Function]}
  style={
    Array [
      undefined,
      undefined,
      undefined,
    ]
  }
>
  <TextInput
    allowFontScaling={false}
    autoCapitalize="none"
    autoCorrect={false}
    rejectResponderTermination={true}
    spellCheck={false}
    style={
      Array [
        undefined,
        undefined,
      ]
    }
    testID="testInput"
    underlineColorAndroid="transparent"
  />
</View>
`;
